// Jest Snapshot v1, https://goo.gl/fbAQLP

exports[`Hero renders correctly 1`] = `
<DocumentFragment>
  <div
    class="makeStyles-root-1"
  >
    <h1
      class="MuiTypography-root MuiTypography-h1"
    >
      Foo
    </h1>
    <p
      class="MuiTypography-root makeStyles-description-2 MuiTypography-body1 MuiTypography-paragraph"
    >
      Bar
    </p>
  </div>
</DocumentFragment>
`;
