// Jest Snapshot v1, https://goo.gl/fbAQLP

exports[`Quiz renders correctly 1`] = `
<DocumentFragment>
  <div
    style="margin-top: 70px; margin-bottom: 70px;"
  >
    <div
      style="margin-top: 28px; margin-bottom: 28px;"
    >
      <p
        class="MuiTypography-root makeStyles-label-2 MuiTypography-body1 MuiTypography-paragraph"
      >
        Foo?
      </p>
      <div
        class="MuiGrid-root MuiGrid-container MuiGrid-spacing-xs-2"
        style="margin-bottom: 14px;"
      >
        <div
          class="MuiGrid-root MuiGrid-item MuiGrid-grid-xs-12 MuiGrid-grid-md-6"
        >
          <div
            class="MuiPaper-root MuiCard-root makeStyles-root-137 MuiPaper-elevation1 MuiPaper-rounded"
          >
            <button
              class="MuiButtonBase-root MuiCardActionArea-root"
              tabindex="0"
              type="button"
            >
              <div
                class="MuiCardContent-root"
              >
                <p
                  class="MuiTypography-root MuiTypography-body1"
                >
                  Bar!
                </p>
              </div>
              <span
                class="MuiCardActionArea-focusHighlight"
              />
              <span
                class="MuiTouchRipple-root"
              />
            </button>
          </div>
        </div>
        <div
          class="MuiGrid-root MuiGrid-item MuiGrid-grid-xs-12 MuiGrid-grid-md-6"
        >
          <div
            class="MuiPaper-root MuiCard-root makeStyles-root-137 MuiPaper-elevation1 MuiPaper-rounded"
          >
            <button
              class="MuiButtonBase-root MuiCardActionArea-root"
              tabindex="0"
              type="button"
            >
              <div
                class="MuiCardContent-root"
              >
                <p
                  class="MuiTypography-root MuiTypography-body1"
                >
                  Baz!
                </p>
              </div>
              <span
                class="MuiCardActionArea-focusHighlight"
              />
              <span
                class="MuiTouchRipple-root"
              />
            </button>
          </div>
        </div>
      </div>
    </div>
  </div>
</DocumentFragment>
`;
